Running p5a-controlled-pytorch-cuda-fp32-b1 (backend=pytorch, device=cuda:0, 
precision=fp32, batch=1, warmup=100, iters=1000)

Status: ok
Device: cuda (cuda:0)
Timing mechanism: cuda_event
Secondary timing: wall_clock_synchronized (reported separately; never the 
headline)
Model: resnet50 (ResNet, 25,557,032 params, weights IMAGENET1K_V2, sha256 
11ad3fa62ca79e40...)

Phases                          
Phase                   Duration
Model load           2101.124 ms
Engine build            0.011 ms
Prepare inputs        592.301 ms
Warmup (total)        560.531 ms
Measurement (total)  5617.480 ms

Latency              
Statistic     Value  
samples        1000  
min        5.449 ms  
mean       5.573 ms  
median     5.557 ms  
p50        5.557 ms  
p90        5.665 ms  
p95        5.720 ms  
p99        5.858 ms  
max        6.182 ms  
std dev    0.083 ms  

Throughput                                                                    
 Value  Unit         Derived from                                             
179.45  samples/sec  batch_size / mean_latency_s                              
178.02  samples/sec  measurement_iterations * batch_size / measurement_total_s

Secondary (wall_clock_synchronized): p50 5.569 ms, p95 5.732 ms, mean 5.585 ms


Result written to results/phase5a-raw/runs/ctl-pytorch-b1-r2/568b9b054459
