Running p5a-controlled-pytorch-cuda-fp32-b8 (backend=pytorch, device=cuda:0, 
precision=fp32, batch=8, warmup=100, iters=1000)

Status: ok
Device: cuda (cuda:0)
Timing mechanism: cuda_event
Secondary timing: wall_clock_synchronized (reported separately; never the 
headline)
Model: resnet50 (ResNet, 25,557,032 params, weights IMAGENET1K_V2, sha256 
11ad3fa62ca79e40...)

Phases                           
Phase                    Duration
Model load            2085.191 ms
Engine build             0.009 ms
Prepare inputs         633.842 ms
Warmup (total)        1175.231 ms
Measurement (total)  11880.188 ms

Latency               
Statistic      Value  
samples         1000  
min        11.512 ms  
mean       11.819 ms  
median     11.849 ms  
p50        11.849 ms  
p90        11.969 ms  
p95        12.002 ms  
p99        12.104 ms  
max        12.282 ms  
std dev     0.121 ms  

Throughput                                                                    
 Value  Unit         Derived from                                             
676.87  samples/sec  batch_size / mean_latency_s                              
673.39  samples/sec  measurement_iterations * batch_size / measurement_total_s

Secondary (wall_clock_synchronized): p50 11.864 ms, p95 12.018 ms, mean 11.835 
ms


Result written to results/phase5a-raw/runs/ctl-pytorch-b8-r4/19d095555882
