Running p5a-controlled-onnxruntime-cuda-fp32-b1 (backend=onnxruntime, 
device=cuda:0, precision=fp32, batch=1, warmup=100, iters=1000)

[0;93m2026-09-20 13:06:08.636836291 [W:onnxruntime:Default, onnxruntime_pybind_state.cc:855 operator()] No registered plugin EP device found for 'CUDAExecutionProvider' with device_id=0[m
[0;93m2026-09-20 13:06:08.936270670 [W:onnxruntime:Default, onnxruntime_pybind_state.cc:855 operator()] No registered plugin EP device found for 'CUDAExecutionProvider' with device_id=0[m
[1;31m2026-09-20 13:06:09.395480387 [E:onnxruntime:Default, cudnn_fe_call.cc:39 CudaErrString<cudnn_frontend::error_object>] [cudnn_frontend] Error: No execution plans support the graph.[m
[1;31m2026-09-20 13:06:09.419817027 [E:onnxruntime:Default, cudnn_fe_call.cc:39 CudaErrString<cudnn_frontend::error_object>] [cudnn_frontend] Error: No execution plans support the graph.[m
[1;31m2026-09-20 13:06:09.539743681 [E:onnxruntime:Default, cudnn_fe_call.cc:39 CudaErrString<cudnn_frontend::error_object>] [cudnn_frontend] Error: No execution plans support the graph.[m
[1;31m2026-09-20 13:06:09.546613613 [E:onnxruntime:Default, cudnn_fe_call.cc:39 CudaErrString<cudnn_frontend::error_object>] [cudnn_frontend] Error: No execution plans support the graph.[m
Status: ok
Device: cuda (cuda:0)
Timing mechanism: wall_clock
Model: resnet50 (ResNet, 25,557,032 params, weights IMAGENET1K_V2, sha256 
11ad3fa62ca79e40...)

Phases                          
Phase                   Duration
Model load            334.614 ms
Engine build          292.921 ms
Prepare inputs        732.097 ms
Warmup (total)        305.779 ms
Measurement (total)  3142.100 ms

Latency              
Statistic     Value  
samples        1000  
min        3.055 ms  
mean       3.139 ms  
median     3.134 ms  
p50        3.134 ms  
p90        3.192 ms  
p95        3.206 ms  
p99        3.225 ms  
max        3.321 ms  
std dev    0.038 ms  

Throughput                                                                    
 Value  Unit         Derived from                                             
318.52  samples/sec  batch_size / mean_latency_s                              
318.26  samples/sec  measurement_iterations * batch_size / measurement_total_s


Result written to results/phase5a-raw/runs/ctl-onnxruntime-b1-r1/491b4415adec
