Running p5a-controlled-pytorch-cuda-fp32-b8 (backend=pytorch, device=cuda:0, 
precision=fp32, batch=8, warmup=100, iters=1000)

Status: ok
Device: cuda (cuda:0)
Timing mechanism: cuda_event
Secondary timing: wall_clock_synchronized (reported separately; never the 
headline)
Model: resnet50 (ResNet, 25,557,032 params, weights IMAGENET1K_V2, sha256 
11ad3fa62ca79e40...)

Phases                           
Phase                    Duration
Model load            2093.876 ms
Engine build             0.009 ms
Prepare inputs         636.955 ms
Warmup (total)        1179.603 ms
Measurement (total)  11979.167 ms

Latency               
Statistic      Value  
samples         1000  
min        11.479 ms  
mean       11.918 ms  
median     11.939 ms  
p50        11.939 ms  
p90        12.094 ms  
p95        12.175 ms  
p99        12.205 ms  
max        12.495 ms  
std dev     0.155 ms  

Throughput                                                                    
 Value  Unit         Derived from                                             
671.28  samples/sec  batch_size / mean_latency_s                              
667.83  samples/sec  measurement_iterations * batch_size / measurement_total_s

Secondary (wall_clock_synchronized): p50 11.955 ms, p95 12.191 ms, mean 11.934 
ms


Result written to results/phase5a-raw/runs/ctl-pytorch-b8-r3/da96049d8b0e
