Running p5a-controlled-onnxruntime-cuda-fp32-b8 (backend=onnxruntime, 
device=cuda:0, precision=fp32, batch=8, warmup=100, iters=1000)

[0;93m2026-09-20 13:09:17.043582621 [W:onnxruntime:Default, onnxruntime_pybind_state.cc:855 operator()] No registered plugin EP device found for 'CUDAExecutionProvider' with device_id=0[m
[0;93m2026-09-20 13:09:17.359320855 [W:onnxruntime:Default, onnxruntime_pybind_state.cc:855 operator()] No registered plugin EP device found for 'CUDAExecutionProvider' with device_id=0[m
Status: ok
Device: cuda (cuda:0)
Timing mechanism: wall_clock
Model: resnet50 (ResNet, 25,557,032 params, weights IMAGENET1K_V2, sha256 
11ad3fa62ca79e40...)

Phases                           
Phase                    Duration
Model load             335.344 ms
Engine build           291.550 ms
Prepare inputs         749.060 ms
Warmup (total)        1243.093 ms
Measurement (total)  12658.441 ms

Latency               
Statistic      Value  
samples         1000  
min        12.299 ms  
mean       12.653 ms  
median     12.641 ms  
p50        12.641 ms  
p90        12.795 ms  
p95        12.862 ms  
p99        12.927 ms  
max        13.073 ms  
std dev     0.118 ms  

Throughput                                                                    
 Value  Unit         Derived from                                             
632.24  samples/sec  batch_size / mean_latency_s                              
631.99  samples/sec  measurement_iterations * batch_size / measurement_total_s


Result written to results/phase5a-raw/runs/ctl-onnxruntime-b8-r3/25dd8197066e
