Running p5a-controlled-onnxruntime-cuda-fp32-b8 (backend=onnxruntime, 
device=cuda:0, precision=fp32, batch=8, warmup=100, iters=1000)

[0;93m2026-09-20 13:07:37.167152826 [W:onnxruntime:Default, onnxruntime_pybind_state.cc:855 operator()] No registered plugin EP device found for 'CUDAExecutionProvider' with device_id=0[m
[0;93m2026-09-20 13:07:37.477925069 [W:onnxruntime:Default, onnxruntime_pybind_state.cc:855 operator()] No registered plugin EP device found for 'CUDAExecutionProvider' with device_id=0[m
Status: ok
Device: cuda (cuda:0)
Timing mechanism: wall_clock
Model: resnet50 (ResNet, 25,557,032 params, weights IMAGENET1K_V2, sha256 
11ad3fa62ca79e40...)

Phases                           
Phase                    Duration
Model load             335.271 ms
Engine build           287.673 ms
Prepare inputs         736.144 ms
Warmup (total)        1225.718 ms
Measurement (total)  12468.689 ms

Latency               
Statistic      Value  
samples         1000  
min        12.075 ms  
mean       12.463 ms  
median     12.466 ms  
p50        12.466 ms  
p90        12.667 ms  
p95        12.728 ms  
p99        12.798 ms  
max        13.020 ms  
std dev     0.157 ms  

Throughput                                                                    
 Value  Unit         Derived from                                             
641.90  samples/sec  batch_size / mean_latency_s                              
641.61  samples/sec  measurement_iterations * batch_size / measurement_total_s


Result written to results/phase5a-raw/runs/ctl-onnxruntime-b8-r2/b0ff084a05f5
