Running p5a-controlled-onnxruntime-cuda-fp32-b8 (backend=onnxruntime, 
device=cuda:0, precision=fp32, batch=8, warmup=100, iters=1000)

[0;93m2026-09-20 13:06:44.999149205 [W:onnxruntime:Default, onnxruntime_pybind_state.cc:855 operator()] No registered plugin EP device found for 'CUDAExecutionProvider' with device_id=0[m
[0;93m2026-09-20 13:06:45.314229354 [W:onnxruntime:Default, onnxruntime_pybind_state.cc:855 operator()] No registered plugin EP device found for 'CUDAExecutionProvider' with device_id=0[m
Status: ok
Device: cuda (cuda:0)
Timing mechanism: wall_clock
Model: resnet50 (ResNet, 25,557,032 params, weights IMAGENET1K_V2, sha256 
11ad3fa62ca79e40...)

Phases                           
Phase                    Duration
Model load             334.937 ms
Engine build           294.450 ms
Prepare inputs         743.754 ms
Warmup (total)        1208.393 ms
Measurement (total)  12505.109 ms

Latency               
Statistic      Value  
samples         1000  
min        12.087 ms  
mean       12.500 ms  
median     12.508 ms  
p50        12.508 ms  
p90        12.660 ms  
p95        12.680 ms  
p99        12.731 ms  
max        12.964 ms  
std dev     0.116 ms  

Throughput                                                                    
 Value  Unit         Derived from                                             
639.98  samples/sec  batch_size / mean_latency_s                              
639.74  samples/sec  measurement_iterations * batch_size / measurement_total_s


Result written to results/phase5a-raw/runs/ctl-onnxruntime-b8-r1/d584f4bab3b5
