Running p5a-controlled-pytorch-cuda-fp32-b8 (backend=pytorch, device=cuda:0, 
precision=fp32, batch=8, warmup=100, iters=1000)

Status: ok
Device: cuda (cuda:0)
Timing mechanism: cuda_event
Secondary timing: wall_clock_synchronized (reported separately; never the 
headline)
Model: resnet50 (ResNet, 25,557,032 params, weights IMAGENET1K_V2, sha256 
11ad3fa62ca79e40...)

Phases                           
Phase                    Duration
Model load            2096.175 ms
Engine build             0.009 ms
Prepare inputs         631.964 ms
Warmup (total)        1130.135 ms
Measurement (total)  11557.851 ms

Latency               
Statistic      Value  
samples         1000  
min        11.037 ms  
mean       11.494 ms  
median     11.502 ms  
p50        11.502 ms  
p90        11.603 ms  
p95        11.634 ms  
p99        11.725 ms  
max        11.802 ms  
std dev     0.117 ms  

Throughput                                                                    
 Value  Unit         Derived from                                             
696.00  samples/sec  batch_size / mean_latency_s                              
692.17  samples/sec  measurement_iterations * batch_size / measurement_total_s

Secondary (wall_clock_synchronized): p50 11.518 ms, p95 11.654 ms, mean 11.510 
ms


Result written to results/phase5a-raw/runs/ctl-pytorch-b8-r1/c13464b1d87f
