Running p5a-controlled-pytorch-cuda-fp32-b8 (backend=pytorch, device=cuda:0, 
precision=fp32, batch=8, warmup=100, iters=1000)

Status: ok
Device: cuda (cuda:0)
Timing mechanism: cuda_event
Secondary timing: wall_clock_synchronized (reported separately; never the 
headline)
Model: resnet50 (ResNet, 25,557,032 params, weights IMAGENET1K_V2, sha256 
11ad3fa62ca79e40...)

Phases                           
Phase                    Duration
Model load            2092.805 ms
Engine build             0.010 ms
Prepare inputs         637.087 ms
Warmup (total)        1159.756 ms
Measurement (total)  11789.202 ms

Latency               
Statistic      Value  
samples         1000  
min        11.330 ms  
mean       11.729 ms  
median     11.711 ms  
p50        11.711 ms  
p90        11.917 ms  
p95        11.951 ms  
p99        12.067 ms  
max        12.168 ms  
std dev     0.160 ms  

Throughput                                                                    
 Value  Unit         Derived from                                             
682.10  samples/sec  batch_size / mean_latency_s                              
678.59  samples/sec  measurement_iterations * batch_size / measurement_total_s

Secondary (wall_clock_synchronized): p50 11.729 ms, p95 11.968 ms, mean 11.744 
ms


Result written to results/phase5a-raw/runs/ctl-pytorch-b8-r2/d1d2fd2d2827
