Running p5a-controlled-pytorch-cuda-fp32-b1 (backend=pytorch, device=cuda:0, 
precision=fp32, batch=1, warmup=100, iters=1000)

Status: ok
Device: cuda (cuda:0)
Timing mechanism: cuda_event
Secondary timing: wall_clock_synchronized (reported separately; never the 
headline)
Model: resnet50 (ResNet, 25,557,032 params, weights IMAGENET1K_V2, sha256 
11ad3fa62ca79e40...)

Phases                          
Phase                   Duration
Model load           2100.786 ms
Engine build            0.009 ms
Prepare inputs        587.432 ms
Warmup (total)        578.282 ms
Measurement (total)  5802.509 ms

Latency              
Statistic     Value  
samples        1000  
min        5.575 ms  
mean       5.757 ms  
median     5.741 ms  
p50        5.741 ms  
p90        5.857 ms  
p95        5.914 ms  
p99        6.108 ms  
max        6.531 ms  
std dev    0.094 ms  

Throughput                                                                    
 Value  Unit         Derived from                                             
173.70  samples/sec  batch_size / mean_latency_s                              
172.34  samples/sec  measurement_iterations * batch_size / measurement_total_s

Secondary (wall_clock_synchronized): p50 5.752 ms, p95 5.926 ms, mean 5.769 ms


Result written to results/phase5a-raw/runs/ctl-pytorch-b1-r4/3927df1914af
