Running p5a-warmup-pytorch-cuda-fp32-b1-cudnnbench (backend=pytorch, 
device=cuda:0, precision=fp32, batch=1, warmup=300, iters=1000)

Status: ok
Device: cuda (cuda:0)
Timing mechanism: cuda_event
Secondary timing: wall_clock_synchronized (reported separately; never the 
headline)
Model: resnet50 (ResNet, 25,557,032 params, weights IMAGENET1K_V2, sha256 
11ad3fa62ca79e40...)

Phases                          
Phase                   Duration
Model load           2080.292 ms
Engine build            0.009 ms
Prepare inputs        585.056 ms
Warmup (total)       1675.348 ms
Measurement (total)  5557.476 ms

Latency              
Statistic     Value  
samples        1000  
min        5.394 ms  
mean       5.514 ms  
median     5.488 ms  
p50        5.488 ms  
p90        5.591 ms  
p95        5.637 ms  
p99        5.863 ms  
max        7.951 ms  
std dev    0.152 ms  

Throughput                                                                    
 Value  Unit         Derived from                                             
181.37  samples/sec  batch_size / mean_latency_s                              
179.94  samples/sec  measurement_iterations * batch_size / measurement_total_s

Secondary (wall_clock_synchronized): p50 5.501 ms, p95 5.649 ms, mean 5.526 ms


Result written to 
results/phase5a-raw/runs/warmup-pytorch-cuda-fp32-b1-cudnnbench-r2/484deddc7af1
