Running p5a-warmup-onnxruntime-cuda-fp32-b1 (backend=onnxruntime, device=cuda:0,
precision=fp32, batch=1, warmup=300, iters=1000)

[0;93m2026-09-20 12:56:58.827801150 [W:onnxruntime:Default, onnxruntime_pybind_state.cc:855 operator()] No registered plugin EP device found for 'CUDAExecutionProvider' with device_id=0[m
[0;93m2026-09-20 12:56:59.124023672 [W:onnxruntime:Default, onnxruntime_pybind_state.cc:855 operator()] No registered plugin EP device found for 'CUDAExecutionProvider' with device_id=0[m
[1;31m2026-09-20 12:56:59.581386181 [E:onnxruntime:Default, cudnn_fe_call.cc:39 CudaErrString<cudnn_frontend::error_object>] [cudnn_frontend] Error: No execution plans support the graph.[m
[1;31m2026-09-20 12:56:59.605898263 [E:onnxruntime:Default, cudnn_fe_call.cc:39 CudaErrString<cudnn_frontend::error_object>] [cudnn_frontend] Error: No execution plans support the graph.[m
[1;31m2026-09-20 12:56:59.727320367 [E:onnxruntime:Default, cudnn_fe_call.cc:39 CudaErrString<cudnn_frontend::error_object>] [cudnn_frontend] Error: No execution plans support the graph.[m
[1;31m2026-09-20 12:56:59.734272510 [E:onnxruntime:Default, cudnn_fe_call.cc:39 CudaErrString<cudnn_frontend::error_object>] [cudnn_frontend] Error: No execution plans support the graph.[m
Status: ok
Device: cuda (cuda:0)
Timing mechanism: wall_clock
Model: resnet50 (ResNet, 25,557,032 params, weights IMAGENET1K_V2, sha256 
11ad3fa62ca79e40...)

Phases                          
Phase                   Duration
Model load            334.301 ms
Engine build          285.507 ms
Prepare inputs        731.714 ms
Warmup (total)        950.261 ms
Measurement (total)  3219.395 ms

Latency              
Statistic     Value  
samples        1000  
min        3.139 ms  
mean       3.217 ms  
median     3.203 ms  
p50        3.203 ms  
p90        3.282 ms  
p95        3.286 ms  
p99        3.293 ms  
max        3.431 ms  
std dev    0.045 ms  

Throughput                                                                    
 Value  Unit         Derived from                                             
310.88  samples/sec  batch_size / mean_latency_s                              
310.62  samples/sec  measurement_iterations * batch_size / measurement_total_s


Result written to 
results/phase5a-raw/runs/warmup-onnxruntime-cuda-fp32-b1-r3/b6d1c37901f2
