Running p5a-controlled-pytorch-cuda-fp32-b1 (backend=pytorch, device=cuda:0, 
precision=fp32, batch=1, warmup=100, iters=1000)

Status: ok
Device: cuda (cuda:0)
Timing mechanism: cuda_event
Secondary timing: wall_clock_synchronized (reported separately; never the 
headline)
Model: resnet50 (ResNet, 25,557,032 params, weights IMAGENET1K_V2, sha256 
11ad3fa62ca79e40...)

Phases                          
Phase                   Duration
Model load           2098.712 ms
Engine build            0.009 ms
Prepare inputs        595.868 ms
Warmup (total)        586.515 ms
Measurement (total)  5829.015 ms

Latency              
Statistic     Value  
samples        1000  
min        5.609 ms  
mean       5.784 ms  
median     5.777 ms  
p50        5.777 ms  
p90        5.878 ms  
p95        5.924 ms  
p99        6.049 ms  
max        6.474 ms  
std dev    0.089 ms  

Throughput                                                                    
 Value  Unit         Derived from                                             
172.90  samples/sec  batch_size / mean_latency_s                              
171.56  samples/sec  measurement_iterations * batch_size / measurement_total_s

Secondary (wall_clock_synchronized): p50 5.789 ms, p95 5.937 ms, mean 5.796 ms


Result written to results/phase5b-raw/runs/ctl-pytorch-b1-r5/c51b130a4ff4
