Running p5a-controlled-pytorch-cuda-fp32-b8 (backend=pytorch, device=cuda:0, 
precision=fp32, batch=8, warmup=100, iters=1000)

Status: ok
Device: cuda (cuda:0)
Timing mechanism: cuda_event
Secondary timing: wall_clock_synchronized (reported separately; never the 
headline)
Model: resnet50 (ResNet, 25,557,032 params, weights IMAGENET1K_V2, sha256 
11ad3fa62ca79e40...)

Phases                           
Phase                    Duration
Model load            2104.076 ms
Engine build             0.009 ms
Prepare inputs         653.700 ms
Warmup (total)        1153.836 ms
Measurement (total)  11698.586 ms

Latency               
Statistic      Value  
samples         1000  
min        11.279 ms  
mean       11.637 ms  
median     11.644 ms  
p50        11.644 ms  
p90        11.816 ms  
p95        11.859 ms  
p99        11.899 ms  
max        11.966 ms  
std dev     0.139 ms  

Throughput                                                                    
 Value  Unit         Derived from                                             
687.45  samples/sec  batch_size / mean_latency_s                              
683.84  samples/sec  measurement_iterations * batch_size / measurement_total_s

Secondary (wall_clock_synchronized): p50 11.662 ms, p95 11.874 ms, mean 11.654 
ms


Result written to results/phase5b-raw/runs/ctl-pytorch-b8-r2/da54a43c763e
