Running p5a-controlled-pytorch-cuda-fp32-b1 (backend=pytorch, device=cuda:0, 
precision=fp32, batch=1, warmup=100, iters=1000)

Status: ok
Device: cuda (cuda:0)
Timing mechanism: cuda_event
Secondary timing: wall_clock_synchronized (reported separately; never the 
headline)
Model: resnet50 (ResNet, 25,557,032 params, weights IMAGENET1K_V2, sha256 
11ad3fa62ca79e40...)

Phases                          
Phase                   Duration
Model load           2102.680 ms
Engine build            0.009 ms
Prepare inputs        589.056 ms
Warmup (total)        562.183 ms
Measurement (total)  5631.057 ms

Latency              
Statistic     Value  
samples        1000  
min        5.427 ms  
mean       5.586 ms  
median     5.566 ms  
p50        5.566 ms  
p90        5.693 ms  
p95        5.736 ms  
p99        5.855 ms  
max        7.060 ms  
std dev    0.097 ms  

Throughput                                                                    
 Value  Unit         Derived from                                             
179.01  samples/sec  batch_size / mean_latency_s                              
177.59  samples/sec  measurement_iterations * batch_size / measurement_total_s

Secondary (wall_clock_synchronized): p50 5.578 ms, p95 5.749 ms, mean 5.598 ms


Result written to results/phase5b-raw/runs/ctl-pytorch-b1-r4/b999e3887c7f
