Running p5a-controlled-pytorch-cuda-fp32-b8 (backend=pytorch, device=cuda:0, 
precision=fp32, batch=8, warmup=100, iters=1000)

Status: ok
Device: cuda (cuda:0)
Timing mechanism: cuda_event
Secondary timing: wall_clock_synchronized (reported separately; never the 
headline)
Model: resnet50 (ResNet, 25,557,032 params, weights IMAGENET1K_V2, sha256 
11ad3fa62ca79e40...)

Phases                           
Phase                    Duration
Model load            2117.666 ms
Engine build             0.009 ms
Prepare inputs         653.184 ms
Warmup (total)        1127.220 ms
Measurement (total)  11520.740 ms

Latency               
Statistic      Value  
samples         1000  
min        10.951 ms  
mean       11.453 ms  
median     11.483 ms  
p50        11.483 ms  
p90        11.587 ms  
p95        11.615 ms  
p99        11.707 ms  
max        11.808 ms  
std dev     0.125 ms  

Throughput                                                                    
 Value  Unit         Derived from                                             
698.51  samples/sec  batch_size / mean_latency_s                              
694.40  samples/sec  measurement_iterations * batch_size / measurement_total_s

Secondary (wall_clock_synchronized): p50 11.499 ms, p95 11.634 ms, mean 11.470 
ms


Result written to results/phase5b-raw/runs/ctl-pytorch-b8-r1/dae03db93f8a
