Running p5a-controlled-onnxruntime-cuda-fp32-b8 (backend=onnxruntime, 
device=cuda:0, precision=fp32, batch=8, warmup=100, iters=1000)

[0;93m2026-09-20 15:11:14.906854822 [W:onnxruntime:Default, onnxruntime_pybind_state.cc:855 operator()] No registered plugin EP device found for 'CUDAExecutionProvider' with device_id=0[m
[0;93m2026-09-20 15:11:15.224803721 [W:onnxruntime:Default, onnxruntime_pybind_state.cc:855 operator()] No registered plugin EP device found for 'CUDAExecutionProvider' with device_id=0[m
Status: ok
Device: cuda (cuda:0)
Timing mechanism: wall_clock
Model: resnet50 (ResNet, 25,557,032 params, weights IMAGENET1K_V2, sha256 
11ad3fa62ca79e40...)

Phases                           
Phase                    Duration
Model load             335.327 ms
Engine build           293.783 ms
Prepare inputs         750.585 ms
Warmup (total)        1244.021 ms
Measurement (total)  12714.531 ms

Latency               
Statistic      Value  
samples         1000  
min        12.273 ms  
mean       12.710 ms  
median     12.719 ms  
p50        12.719 ms  
p90        12.868 ms  
p95        12.910 ms  
p99        13.019 ms  
max        13.225 ms  
std dev     0.157 ms  

Throughput                                                                    
 Value  Unit         Derived from                                             
629.44  samples/sec  batch_size / mean_latency_s                              
629.20  samples/sec  measurement_iterations * batch_size / measurement_total_s


Result written to results/phase5b-raw/runs/ctl-onnxruntime-b8-r4/7d16ee20a027
