Running p5a-controlled-onnxruntime-cuda-fp32-b8 (backend=onnxruntime, 
device=cuda:0, precision=fp32, batch=8, warmup=100, iters=1000)

[0;93m2026-09-20 15:08:43.915107962 [W:onnxruntime:Default, onnxruntime_pybind_state.cc:855 operator()] No registered plugin EP device found for 'CUDAExecutionProvider' with device_id=0[m
[0;93m2026-09-20 15:08:44.226972147 [W:onnxruntime:Default, onnxruntime_pybind_state.cc:855 operator()] No registered plugin EP device found for 'CUDAExecutionProvider' with device_id=0[m
Status: ok
Device: cuda (cuda:0)
Timing mechanism: wall_clock
Model: resnet50 (ResNet, 25,557,032 params, weights IMAGENET1K_V2, sha256 
11ad3fa62ca79e40...)

Phases                           
Phase                    Duration
Model load             337.310 ms
Engine build           288.793 ms
Prepare inputs         740.598 ms
Warmup (total)        1212.941 ms
Measurement (total)  12376.764 ms

Latency               
Statistic      Value  
samples         1000  
min        11.736 ms  
mean       12.372 ms  
median     12.359 ms  
p50        12.359 ms  
p90        12.566 ms  
p95        12.667 ms  
p99        12.757 ms  
max        12.999 ms  
std dev     0.163 ms  

Throughput                                                                    
 Value  Unit         Derived from                                             
646.63  samples/sec  batch_size / mean_latency_s                              
646.37  samples/sec  measurement_iterations * batch_size / measurement_total_s


Result written to results/phase5b-raw/runs/ctl-onnxruntime-b8-r2/dd33902a5b08
