Running p5a-controlled-onnxruntime-cuda-fp32-b1 (backend=onnxruntime, 
device=cuda:0, precision=fp32, batch=1, warmup=100, iters=1000)

[0;93m2026-09-20 15:09:46.833426949 [W:onnxruntime:Default, onnxruntime_pybind_state.cc:855 operator()] No registered plugin EP device found for 'CUDAExecutionProvider' with device_id=0[m
[0;93m2026-09-20 15:09:47.140303049 [W:onnxruntime:Default, onnxruntime_pybind_state.cc:855 operator()] No registered plugin EP device found for 'CUDAExecutionProvider' with device_id=0[m
[1;31m2026-09-20 15:09:47.601756544 [E:onnxruntime:Default, cudnn_fe_call.cc:39 CudaErrString<cudnn_frontend::error_object>] [cudnn_frontend] Error: No execution plans support the graph.[m
[1;31m2026-09-20 15:09:47.625831625 [E:onnxruntime:Default, cudnn_fe_call.cc:39 CudaErrString<cudnn_frontend::error_object>] [cudnn_frontend] Error: No execution plans support the graph.[m
[1;31m2026-09-20 15:09:47.746348164 [E:onnxruntime:Default, cudnn_fe_call.cc:39 CudaErrString<cudnn_frontend::error_object>] [cudnn_frontend] Error: No execution plans support the graph.[m
[1;31m2026-09-20 15:09:47.753533971 [E:onnxruntime:Default, cudnn_fe_call.cc:39 CudaErrString<cudnn_frontend::error_object>] [cudnn_frontend] Error: No execution plans support the graph.[m
Status: ok
Device: cuda (cuda:0)
Timing mechanism: wall_clock
Model: resnet50 (ResNet, 25,557,032 params, weights IMAGENET1K_V2, sha256 
11ad3fa62ca79e40...)

Phases                          
Phase                   Duration
Model load            336.802 ms
Engine build          296.916 ms
Prepare inputs        740.160 ms
Warmup (total)        315.441 ms
Measurement (total)  3250.447 ms

Latency              
Statistic     Value  
samples        1000  
min        3.164 ms  
mean       3.248 ms  
median     3.246 ms  
p50        3.246 ms  
p90        3.305 ms  
p95        3.315 ms  
p99        3.338 ms  
max        3.355 ms  
std dev    0.041 ms  

Throughput                                                                    
 Value  Unit         Derived from                                             
307.89  samples/sec  batch_size / mean_latency_s                              
307.65  samples/sec  measurement_iterations * batch_size / measurement_total_s


Result written to results/phase5b-raw/runs/ctl-onnxruntime-b1-r3/7e130f871298
