Running p5a-controlled-onnxruntime-cuda-fp32-b1 (backend=onnxruntime, 
device=cuda:0, precision=fp32, batch=1, warmup=100, iters=1000)

[0;93m2026-09-20 15:12:19.350683181 [W:onnxruntime:Default, onnxruntime_pybind_state.cc:855 operator()] No registered plugin EP device found for 'CUDAExecutionProvider' with device_id=0[m
[0;93m2026-09-20 15:12:19.651460568 [W:onnxruntime:Default, onnxruntime_pybind_state.cc:855 operator()] No registered plugin EP device found for 'CUDAExecutionProvider' with device_id=0[m
[1;31m2026-09-20 15:12:20.117386144 [E:onnxruntime:Default, cudnn_fe_call.cc:39 CudaErrString<cudnn_frontend::error_object>] [cudnn_frontend] Error: No execution plans support the graph.[m
[1;31m2026-09-20 15:12:20.143326412 [E:onnxruntime:Default, cudnn_fe_call.cc:39 CudaErrString<cudnn_frontend::error_object>] [cudnn_frontend] Error: No execution plans support the graph.[m
[1;31m2026-09-20 15:12:20.263050387 [E:onnxruntime:Default, cudnn_fe_call.cc:39 CudaErrString<cudnn_frontend::error_object>] [cudnn_frontend] Error: No execution plans support the graph.[m
[1;31m2026-09-20 15:12:20.269765850 [E:onnxruntime:Default, cudnn_fe_call.cc:39 CudaErrString<cudnn_frontend::error_object>] [cudnn_frontend] Error: No execution plans support the graph.[m
Status: ok
Device: cuda (cuda:0)
Timing mechanism: wall_clock
Model: resnet50 (ResNet, 25,557,032 params, weights IMAGENET1K_V2, sha256 
11ad3fa62ca79e40...)

Phases                          
Phase                   Duration
Model load            336.071 ms
Engine build          290.204 ms
Prepare inputs        741.444 ms
Warmup (total)        317.540 ms
Measurement (total)  3270.182 ms

Latency              
Statistic     Value  
samples        1000  
min        3.178 ms  
mean       3.268 ms  
median     3.270 ms  
p50        3.270 ms  
p90        3.312 ms  
p95        3.332 ms  
p99        3.361 ms  
max        3.385 ms  
std dev    0.038 ms  

Throughput                                                                    
 Value  Unit         Derived from                                             
306.03  samples/sec  batch_size / mean_latency_s                              
305.79  samples/sec  measurement_iterations * batch_size / measurement_total_s


Result written to results/phase5b-raw/runs/ctl-onnxruntime-b1-r5/7df40ebf12a7
