Running p5a-controlled-onnxruntime-cuda-fp32-b1 (backend=onnxruntime, 
device=cuda:0, precision=fp32, batch=1, warmup=100, iters=1000)

[0;93m2026-09-20 15:10:45.483442131 [W:onnxruntime:Default, onnxruntime_pybind_state.cc:855 operator()] No registered plugin EP device found for 'CUDAExecutionProvider' with device_id=0[m
[0;93m2026-09-20 15:10:45.781055358 [W:onnxruntime:Default, onnxruntime_pybind_state.cc:855 operator()] No registered plugin EP device found for 'CUDAExecutionProvider' with device_id=0[m
[1;31m2026-09-20 15:10:46.247188602 [E:onnxruntime:Default, cudnn_fe_call.cc:39 CudaErrString<cudnn_frontend::error_object>] [cudnn_frontend] Error: No execution plans support the graph.[m
[1;31m2026-09-20 15:10:46.271901359 [E:onnxruntime:Default, cudnn_fe_call.cc:39 CudaErrString<cudnn_frontend::error_object>] [cudnn_frontend] Error: No execution plans support the graph.[m
[1;31m2026-09-20 15:10:46.393607671 [E:onnxruntime:Default, cudnn_fe_call.cc:39 CudaErrString<cudnn_frontend::error_object>] [cudnn_frontend] Error: No execution plans support the graph.[m
[1;31m2026-09-20 15:10:46.400503793 [E:onnxruntime:Default, cudnn_fe_call.cc:39 CudaErrString<cudnn_frontend::error_object>] [cudnn_frontend] Error: No execution plans support the graph.[m
Status: ok
Device: cuda (cuda:0)
Timing mechanism: wall_clock
Model: resnet50 (ResNet, 25,557,032 params, weights IMAGENET1K_V2, sha256 
11ad3fa62ca79e40...)

Phases                          
Phase                   Duration
Model load            335.814 ms
Engine build          290.772 ms
Prepare inputs        742.757 ms
Warmup (total)        318.991 ms
Measurement (total)  3280.066 ms

Latency              
Statistic     Value  
samples        1000  
min        3.179 ms  
mean       3.277 ms  
median     3.277 ms  
p50        3.277 ms  
p90        3.327 ms  
p95        3.343 ms  
p99        3.364 ms  
max        3.597 ms  
std dev    0.040 ms  

Throughput                                                                    
 Value  Unit         Derived from                                             
305.11  samples/sec  batch_size / mean_latency_s                              
304.87  samples/sec  measurement_iterations * batch_size / measurement_total_s


Result written to results/phase5b-raw/runs/ctl-onnxruntime-b1-r4/0f05ff839e4c
