Running p6-controlled-tensorrt-cuda-fp32-b1 (backend=tensorrt, device=cuda:0, precision=fp32, batch=1, 
warmup=100, iters=1000)

Status: ok
Device: cuda (cuda:0)
Timing mechanism: cuda_event
Secondary timing: wall_clock_synchronized (reported separately; never the headline)
Model: resnet50 (ResNet, 25,557,032 params, weights IMAGENET1K_V2, sha256 11ad3fa62ca79e40...)

Phases                          
Phase                   Duration
Model load            841.800 ms
Engine build         1470.909 ms
Prepare inputs         37.934 ms
Warmup (total)        326.118 ms
Measurement (total)  3260.612 ms

Latency              
Statistic     Value  
samples        1000  
min        3.233 ms  
mean       3.241 ms  
median     3.240 ms  
p50        3.240 ms  
p90        3.247 ms  
p95        3.251 ms  
p99        3.258 ms  
max        3.272 ms  
std dev    0.005 ms  

Throughput                                                                    
 Value  Unit         Derived from                                             
308.53  samples/sec  batch_size / mean_latency_s                              
306.69  samples/sec  measurement_iterations * batch_size / measurement_total_s

Secondary (wall_clock_synchronized): p50 3.251 ms, p95 3.268 ms, mean 3.253 ms


Result written to results/phase6/controlled/runs/ctl-tensorrt-b1-r3/7dfe344c7e2f
